
> stockflow@0.0.0 build
> tsc && vite build

vite v7.3.1 building client environment for production...
transforming...
✓ 1122 modules transformed.
✗ Build failed in 714ms
error during build:
[vite-plugin-pwa:build] [plugin vite-plugin-pwa:build] There was an error during the build:
  Could not load /Users/taaha/Desktop/Projects/Products/StockFlow/src/app/globals.css (imported by src/App.tsx): ENOENT: no such file or directory, open '/Users/taaha/Desktop/Projects/Products/StockFlow/src/app/globals.css'
Additionally, handling the error in the 'buildEnd' hook caused the following error:
  Could not load /Users/taaha/Desktop/Projects/Products/StockFlow/src/app/globals.css (imported by src/App.tsx): ENOENT: no such file or directory, open '/Users/taaha/Desktop/Projects/Products/StockFlow/src/app/globals.css'
    at getRollupError (file:///Users/taaha/Desktop/Projects/Products/StockFlow/node_modules/rollup/dist/es/shared/parseAst.js:402:41)
    at file:///Users/taaha/Desktop/Projects/Products/StockFlow/node_modules/rollup/dist/es/shared/node-entry.js:23467:39
    at async catchUnfinishedHookActions (file:///Users/taaha/Desktop/Projects/Products/StockFlow/node_modules/rollup/dist/es/shared/node-entry.js:22925:16)
    at async rollupInternal (file:///Users/taaha/Desktop/Projects/Products/StockFlow/node_modules/rollup/dist/es/shared/node-entry.js:23450:5)
    at async buildEnvironment (file:///Users/taaha/Desktop/Projects/Products/StockFlow/node_modules/vite/dist/node/chunks/config.js:33541:12)
    at async Object.build (file:///Users/taaha/Desktop/Projects/Products/StockFlow/node_modules/vite/dist/node/chunks/config.js:33900:19)
    at async Object.buildApp (file:///Users/taaha/Desktop/Projects/Products/StockFlow/node_modules/vite/dist/node/chunks/config.js:33897:153)
    at async CAC.<anonymous> (file:///Users/taaha/Desktop/Projects/Products/StockFlow/node_modules/vite/dist/node/cli.js:629:3)
